// Jest Snapshot v1, https://jestjs.io/docs/snapshot-testing

exports[`renders homepage unchanged 1`] = `
<div>
  <div
    class="page"
  >
    <div
      style="position: relative; opacity: 0; bottom: 100px;"
    >
      <img
        alt="logo"
        data-nimg="1"
        decoding="async"
        height="72"
        loading="lazy"
        src="/_next/image?url=%2Ffavicon.jpg&w=256&q=75"
        srcset="/_next/image?url=%2Ffavicon.jpg&w=96&q=75 1x, /_next/image?url=%2Ffavicon.jpg&w=256&q=75 2x"
        style="color: transparent; border-radius: 50%;"
        width="72"
      />
    </div>
    <main
      class="main"
    >
      <img
        alt="Next.js logo"
        class="logo"
        data-nimg="1"
        decoding="async"
        height="38"
        src="/next.svg"
        style="color: transparent;"
        width="180"
      />
      <h1
        class="MuiTypography-root MuiTypography-h1 title css-1jux6tw-MuiTypography-root"
      >
        (with
         
        <a
          class="MuiTypography-root MuiTypography-inherit MuiLink-root MuiLink-underlineHover css-6x7ab-MuiTypography-root-MuiLink-root"
          href="https://github.com/mimecuvalo/all-the-things"
          rel="noopener noreferrer"
          target="_blank"
        >
          All. 
          <u>
            The
          </u>
          .
           
          <u>
            <em>
              Things
            </em>
          </u>
          .
        </a>
        )
      </h1>
      <ol>
        <li>
          Get started by editing 
          <code>
            app/page.tsx
          </code>
          .
        </li>
        <li>
          Save and see your changes instantly.
        </li>
      </ol>
      <div
        class="ctas"
      >
        <a
          class="primary"
          href="https://vercel.com/new?utm_source=create-next-app&utm_medium=appdir-template&utm_campaign=create-next-app"
          rel="noopener noreferrer"
          target="_blank"
        >
          <img
            alt="Vercel logomark"
            class="logo"
            data-nimg="1"
            decoding="async"
            height="20"
            loading="lazy"
            src="/vercel.svg"
            style="color: transparent;"
            width="20"
          />
          Deploy now
        </a>
        <a
          class="secondary"
          href="https://nextjs.org/docs?utm_source=create-next-app&utm_medium=appdir-template&utm_campaign=create-next-app"
          rel="noopener noreferrer"
          target="_blank"
        >
          Read our docs
        </a>
      </div>
      <div
        class="allTheThingsInfo"
      >
        <h2
          class="MuiTypography-root MuiTypography-h2 css-1m45372-MuiTypography-root"
        >
          <span
            class="i18n-msg"
          >
            All The Things Feature test
          </span>
        </h2>
        <p>
          <span
            class="i18n-msg"
          >
            GraphQL variables test (current url path): [loading]
          </span>
        </p>
        <p>
          <span
            class="i18n-msg"
          >
            Experiment disabled
          </span>
        </p>
        <p>
          <span
            class="i18n-msg"
          >
            i18n pluralization test: 5,000 items.
          </span>
        </p>
        <p>
          <span
            class="i18n-msg"
          >
            i18n html test: 
            <a
              class="MuiTypography-root MuiTypography-inherit MuiLink-root MuiLink-underlineHover external-link css-6x7ab-MuiTypography-root-MuiLink-root"
              href="https://www.example.com/"
              rel="noopener noreferrer"
              target="_blank"
            >
              visit our website
            </a>
             and 
            <strong>
              see the world
            </strong>
          </span>
        </p>
        <p>
          and 
          <a
            class="MuiTypography-root MuiTypography-inherit MuiLink-root MuiLink-underlineHover css-6x7ab-MuiTypography-root-MuiLink-root"
            href="https://github.com/mimecuvalo/all-the-things"
          >
            much more
          </a>
          !
        </p>
      </div>
    </main>
    <footer
      class="footer"
    >
      <a
        href="https://nextjs.org/learn?utm_source=create-next-app&utm_medium=appdir-template&utm_campaign=create-next-app"
        rel="noopener noreferrer"
        target="_blank"
      >
        <img
          alt="File icon"
          aria-hidden="true"
          data-nimg="1"
          decoding="async"
          height="16"
          loading="lazy"
          src="/file.svg"
          style="color: transparent;"
          width="16"
        />
        Learn
      </a>
      <a
        href="https://vercel.com/templates?framework=next.js&utm_source=create-next-app&utm_medium=appdir-template&utm_campaign=create-next-app"
        rel="noopener noreferrer"
        target="_blank"
      >
        <img
          alt="Window icon"
          aria-hidden="true"
          data-nimg="1"
          decoding="async"
          height="16"
          loading="lazy"
          src="/window.svg"
          style="color: transparent;"
          width="16"
        />
        Examples
      </a>
      <a
        href="https://nextjs.org?utm_source=create-next-app&utm_medium=appdir-template&utm_campaign=create-next-app"
        rel="noopener noreferrer"
        target="_blank"
      >
        <img
          alt="Globe icon"
          aria-hidden="true"
          data-nimg="1"
          decoding="async"
          height="16"
          loading="lazy"
          src="/globe.svg"
          style="color: transparent;"
          width="16"
        />
        Go to nextjs.org →
      </a>
    </footer>
  </div>
</div>
`;
